Error: syntax error, unterminated quoted atom, line 3
