ok
type_error(list,[main,user:retract(:-initialization(main))|a])
term_variables/2
