[[1,3],[2,4]]
[[_4,3],[2,_4]]
[[_242,_246],[_264,_268]]
[[_242,_264],[_246,_268]]
