Error: syntax error, near '=/=', operator expected
