Error: syntax error, parens needed around operator ':-', line 2
